css/local.css
quiki.conf
data/content/index                 
css/gritter.css                    replace
css/quiki.css                      replace
index.html                         replace
js/jquery.gritter.js               replace
js/jquery.js                       replace
js/quiki.js                        replace
js/jquery.textarearesizer.js       replace
quiki.cgi                          replace
css/textarea.css                   replace
css/default_theme.css              replace
themes/default/header.tmpl         replace
themes/default/body.tmpl           replace
themes/default/edit.tmpl           replace
themes/default/login_page.tmpl     replace
themes/default/menu_bar.tmpl       replace
themes/default/nav_bar.tmpl        replace
themes/default/profile_page.tmpl   replace
themes/default/register_page.tmpl  replace
themes/default/wrapper.tmpl        replace
themes/default/meta.tmpl           replace
themes/default/upload_page.tmpl    replace
themes/default/index.tmpl          replace
themes/default/footer.tmpl         replace
themes/default/title.tmpl          replace
images/paste.png                   replace
images/mime_image.png              replace
images/mime_default.png            replace
images/mime_pdf.png                replace
images/mime_zip.png                replace
themes/default/history.tmpl        replace
images/favicon.ico                 replace
themes/default/admin.tmpl          replace
images/gritter-bg-tile.png         replace,binary
images/gritter-bottom.png          replace,binary
images/gritter-close-ie6.gif       replace,binary
images/gritter-close.png           replace,binary
images/gritter-top.png             replace,binary
images/grippie.png                 replace,binary
images/button_left.png             replace,binary
images/button_right.png            replace,binary
images/menu_bg.png                 replace,binary
images/menu_side.png               replace,binary
images/meta_bg.png                 replace,binary
images/nodename_hr.png             replace,binary
images/nodename_left.png           replace,binary
images/nodename_right.png          replace,binary
images/quiki_bg.png                replace,binary
images/revision.png                replace,binary
images/sep.png                     replace,binary

